Obtaining file:///mnt/e/01_Projects/VSCode/MiniGenesis
  Installing build dependencies: started
  Installing build dependencies: finished with status 'done'
  Checking if build backend supports build_editable: started
  Checking if build backend supports build_editable: finished with status 'done'
  Getting requirements to build editable: started
  Getting requirements to build editable: finished with status 'done'
  Preparing editable metadata (pyproject.toml): started
  Preparing editable metadata (pyproject.toml): finished with status 'done'
Collecting PyYAML<7,>=6.0 (from minigenesis==0.1.0.dev0)
  Downloading pyyaml-6.0.3-cp312-cp312-manylinux2014_x86_64.manylinux_2_17_x86_64.manylinux_2_28_x86_64.whl.metadata (2.4 kB)
Collecting pytest<10,>=8 (from minigenesis==0.1.0.dev0)
  Downloading pytest-9.1.1-py3-none-any.whl.metadata (7.6 kB)
Collecting iniconfig>=1.0.1 (from pytest<10,>=8->minigenesis==0.1.0.dev0)
  Downloading iniconfig-2.3.0-py3-none-any.whl.metadata (2.5 kB)
Collecting packaging>=22 (from pytest<10,>=8->minigenesis==0.1.0.dev0)
  Downloading packaging-26.3-py3-none-any.whl.metadata (3.5 kB)
Collecting pluggy<2,>=1.5 (from pytest<10,>=8->minigenesis==0.1.0.dev0)
  Downloading pluggy-1.6.0-py3-none-any.whl.metadata (4.8 kB)
Collecting pygments>=2.7.2 (from pytest<10,>=8->minigenesis==0.1.0.dev0)
  Downloading pygments-2.21.0-py3-none-any.whl.metadata (2.5 kB)
Downloading pytest-9.1.1-py3-none-any.whl (386 kB)
Downloading pluggy-1.6.0-py3-none-any.whl (20 kB)
Downloading pyyaml-6.0.3-cp312-cp312-manylinux2014_x86_64.manylinux_2_17_x86_64.manylinux_2_28_x86_64.whl (807 kB)
   ━━━━━━━━━━━━━━━━━━━━━━━━━━━━━━━━━━━━━━━━ 807.9/807.9 kB 1.8 MB/s  0:00:00
Downloading iniconfig-2.3.0-py3-none-any.whl (7.5 kB)
Downloading packaging-26.3-py3-none-any.whl (129 kB)
Downloading pygments-2.21.0-py3-none-any.whl (1.3 MB)
   ━━━━━━━━━━━━━━━━━━━━━━━━━━━━━━━━━━━━━━━━ 1.3/1.3 MB 3.6 MB/s  0:00:00
Building wheels for collected packages: minigenesis
  Building editable for minigenesis (pyproject.toml): started
  Building editable for minigenesis (pyproject.toml): finished with status 'done'
  Created wheel for minigenesis: filename=minigenesis-0.1.0.dev0-0.editable-py3-none-any.whl size=4212 sha256=71cf1bde03f2a5043f3ee3815f999c78ec39cc34a48ff4a4d3303b45dfb05abd
  Stored in directory: /mnt/e/01_Projects/VSCode/MiniGenesis/build/s2-execution/builder/tmp/pip-ephem-wheel-cache-s7tl56cg/wheels/ac/46/a9/9926fe9efc3080bda70c063356387d39853ae526f9120ef6b8
Successfully built minigenesis
Installing collected packages: PyYAML, pygments, pluggy, packaging, iniconfig, pytest, minigenesis

Successfully installed PyYAML-6.0.3 iniconfig-2.3.0 minigenesis-0.1.0.dev0 packaging-26.3 pluggy-1.6.0 pygments-2.21.0 pytest-9.1.1
